src/app/onboarding/page.tsx(109,9): error TS2322: Type 'string | undefined' is not assignable to type 'StudentLevel | null | undefined'.
  Type 'string' is not assignable to type 'StudentLevel | null | undefined'.
src/queries/learning-path.ts(37,18): error TS2339: Property 'data' does not exist on type '{ id: string; }'.
src/queries/learning-path.ts(47,18): error TS2339: Property 'data' does not exist on type 'LearningPathJob'.
